// Jest Snapshot v1, https://goo.gl/fbAQLP

exports[`Server should render the page 1`] = `
"Top 51 Delegates Stats

=> Total Votes  : 100.00% (125,000,000 / 125,000,000)
=> Total Voters : 51 (only voters with more than 0.1 TÑ¦)

===================================================================
| Rank | Delegate                  | Vote % |  Vote TARK | Voters |
===================================================================
|  01  | genesis_9                 |  1.96  |  2,450,980 |      1 |
|  02  | genesis_18                |  1.96  |  2,450,980 |      1 |
|  03  | genesis_47                |  1.96  |  2,450,980 |      1 |
|  04  | genesis_5                 |  1.96  |  2,450,980 |      1 |
|  05  | genesis_19                |  1.96  |  2,450,980 |      1 |
|  06  | genesis_42                |  1.96  |  2,450,980 |      1 |
|  07  | genesis_10                |  1.96  |  2,450,980 |      1 |
|  08  | genesis_20                |  1.96  |  2,450,980 |      1 |
|  09  | genesis_49                |  1.96  |  2,450,980 |      1 |
|  10  | genesis_3                 |  1.96  |  2,450,980 |      1 |
|  11  | genesis_21                |  1.96  |  2,450,980 |      1 |
|  12  | genesis_41                |  1.96  |  2,450,980 |      1 |
|  13  | genesis_11                |  1.96  |  2,450,980 |      1 |
|  14  | genesis_22                |  1.96  |  2,450,980 |      1 |
|  15  | genesis_46                |  1.96  |  2,450,980 |      1 |
|  16  | genesis_6                 |  1.96  |  2,450,980 |      1 |
|  17  | genesis_23                |  1.96  |  2,450,980 |      1 |
|  18  | genesis_40                |  1.96  |  2,450,980 |      1 |
|  19  | genesis_12                |  1.96  |  2,450,980 |      1 |
|  20  | genesis_24                |  1.96  |  2,450,980 |      1 |
|  21  | genesis_50                |  1.96  |  2,450,980 |      1 |
|  22  | genesis_2                 |  1.96  |  2,450,980 |      1 |
|  23  | genesis_25                |  1.96  |  2,450,980 |      1 |
|  24  | genesis_39                |  1.96  |  2,450,980 |      1 |
|  25  | genesis_13                |  1.96  |  2,450,980 |      1 |
|  26  | genesis_1                 |  1.96  |  2,451,000 |      1 |
|  27  | genesis_45                |  1.96  |  2,450,980 |      1 |
|  28  | genesis_7                 |  1.96  |  2,450,980 |      1 |
|  29  | genesis_27                |  1.96  |  2,450,980 |      1 |
|  30  | genesis_38                |  1.96  |  2,450,980 |      1 |
|  31  | genesis_14                |  1.96  |  2,450,980 |      1 |
|  32  | genesis_28                |  1.96  |  2,450,980 |      1 |
|  33  | genesis_48                |  1.96  |  2,450,980 |      1 |
|  34  | genesis_4                 |  1.96  |  2,450,980 |      1 |
|  35  | genesis_29                |  1.96  |  2,450,980 |      1 |
|  36  | genesis_37                |  1.96  |  2,450,980 |      1 |
|  37  | genesis_15                |  1.96  |  2,450,980 |      1 |
|  38  | genesis_30                |  1.96  |  2,450,980 |      1 |
|  39  | genesis_44                |  1.96  |  2,450,980 |      1 |
|  40  | genesis_8                 |  1.96  |  2,450,980 |      1 |
|  41  | genesis_31                |  1.96  |  2,450,980 |      1 |
|  42  | genesis_36                |  1.96  |  2,450,980 |      1 |
|  43  | genesis_16                |  1.96  |  2,450,980 |      1 |
|  44  | genesis_32                |  1.96  |  2,450,980 |      1 |
|  45  | genesis_51                |  1.96  |  2,450,980 |      1 |
|  46  | genesis_26                |  1.96  |  2,450,980 |      1 |
|  47  | genesis_33                |  1.96  |  2,450,980 |      1 |
|  48  | genesis_35                |  1.96  |  2,450,980 |      1 |
|  49  | genesis_17                |  1.96  |  2,450,980 |      1 |
|  50  | genesis_34                |  1.96  |  2,450,980 |      1 |
|  51  | genesis_43                |  1.96  |  2,450,980 |      1 |
===================================================================
"
`;
